node.exe : 
vitest.config.ts 
(1:372) [33m[UNRESOLV
ED_IMPORT] 
Warning:[0m Could 
not resolve 
'vitest/config' in 
vitest.config.ts
At line:1 char:1
+ & "C:\Program Files\
nodejs/node.exe" 
"C:\Program 
Files\nodejs/node_mo 
...
+ ~~~~~~~~~~~~~~~~~~~~
~~~~~~~~~~~~~~~~~~~~~~
~~~~~~~~~~~~~~~~~~~~~~
~~~~~
    + CategoryInfo    
          : NotSpeci  
  fied: (vitest.con   
 fig.t...itest.con    
fig.ts:String) []    
, RemoteException
    + FullyQualifiedE 
   rrorId : NativeCo  
  mmandError
 
   [38;5;246mΓò¡[0m
[38;5;246mΓöÇ[0m[38;
5;246m[[0m vitest.con
fig.ts:1:373 
[38;5;246m][0m
   [38;5;246mΓöé[0m
 [38;5;246m1 Γöé[0m 
[38;5;249mc[0m[38;5
;249mo[0m[38;5;249mn
[0m[38;5;249ms[0m[
38;5;249mt[0m[38;5;2
49m [0m[38;5;249m_[
0m[38;5;249m_[0m[38
;5;249mv[0m[38;5;249
mi[0m[38;5;249mt[0m
[38;5;249me[0m[38;5
;249m_[0m[38;5;249mi
[0m[38;5;249mn[0m[
38;5;249mj[0m[38;5;2
49me[0m[38;5;249mc[
0m[38;5;249mt[0m[38
;5;249me[0m[38;5;249
md[0m[38;5;249m_[0m
[38;5;249mo[0m[38;5
;249mr[0m[38;5;249mi
[0m[38;5;249mg[0m[
38;5;249mi[0m[38;5;2
49mn[0m[38;5;249ma[
0m[38;5;249ml[0m[38
;5;249m_[0m[38;5;249
md[0m[38;5;249mi[0m
[38;5;249mr[0m[38;5
;249mn[0m[38;5;249ma
[0m[38;5;249mm[0m[
38;5;249me[0m[38;5;2
49m [0m[38;5;249m=[
0m[38;5;249m [0m[38
;5;249m"[0m[38;5;249
mC[0m[38;5;249m:[0m
[38;5;249m\[0m[38;5
;249m\[0m[38;5;249mU
[0m[38;5;249ms[0m[
38;5;249me[0m[38;5;2
49mr[0m[38;5;249ms[
0m[38;5;249m\[0m[38
;5;249m\[0m[38;5;249
m3[0m[38;5;249mD[0m
[38;5;249m [0m[38;5
;249mR[0m[38;5;249mO
[0m[38;5;249mY[0m[
38;5;249mA[0m[38;5;2
49mL[0m[38;5;249m\[
0m[38;5;249m\[0m[38
;5;249mD[0m[38;5;249
mo[0m[38;5;249mc[0m
[38;5;249mu[0m[38;5
;249mm[0m[38;5;249me
[0m[38;5;249mn[0m[
38;5;249mt[0m[38;5;2
49ms[0m[38;5;249m\[
0m[38;5;249m\[0m[38
;5;249mc[0m[38;5;249
mo[0m[38;5;249md[0m
[38;5;249me[0m[38;5
;249m\[0m[38;5;249m\
[0m[38;5;249mC[0m[
38;5;249mr[0m[38;5;2
49me[0m[38;5;249md[
0m[38;5;249me[0m[38
;5;249mn[0m[38;5;249
mc[0m[38;5;249me[0m
[38;5;249m-[0m[38;5
;249mB[0m[38;5;249ma
[0m[38;5;249mc[0m[
38;5;249mk[0m[38;5;2
49me[0m[38;5;249mn[
0m[38;5;249md[0m[38
;5;249m"[0m[38;5;249
m;[0m[38;5;249mc[0m
[38;5;249mo[0m[38;5
;249mn[0m[38;5;249ms
[0m[38;5;249mt[0m[
38;5;249m [0m[38;5;2
49m_[0m[38;5;249m_[
0m[38;5;249mv[0m[38
;5;249mi[0m[38;5;249
mt[0m[38;5;249me[0m
[38;5;249m_[0m[38;5
;249mi[0m[38;5;249mn
[0m[38;5;249mj[0m[
38;5;249me[0m[38;5;2
49mc[0m[38;5;249mt[
0m[38;5;249me[0m[38
;5;249md[0m[38;5;249
m_[0m[38;5;249mo[0m
[38;5;249mr[0m[38;5
;249mi[0m[38;5;249mg
[0m[38;5;249mi[0m[
38;5;249mn[0m[38;5;2
49ma[0m[38;5;249ml[
0m[38;5;249m_[0m[38
;5;249mf[0m[38;5;249
mi[0m[38;5;249ml[0m
[38;5;249me[0m[38;5
;249mn[0m[38;5;249ma
[0m[38;5;249mm[0m[
38;5;249me[0m[38;5;2
49m [0m[38;5;249m=[
0m[38;5;249m [0m[38
;5;249m"[0m[38;5;249
mC[0m[38;5;249m:[0m
[38;5;249m\[0m[38;5
;249m\[0m[38;5;249mU
[0m[38;5;249ms[0m[
38;5;249me[0m[38;5;2
49mr[0m[38;5;249ms[
0m[38;5;249m\[0m[38
;5;249m\[0m[38;5;249
m3[0m[38;5;249mD[0m
[38;5;249m [0m[38;5
;249mR[0m[38;5;249mO
[0m[38;5;249mY[0m[
38;5;249mA[0m[38;5;2
49mL[0m[38;5;249m\[
0m[38;5;249m\[0m[38
;5;249mD[0m[38;5;249
mo[0m[38;5;249mc[0m
[38;5;249mu[0m[38;5
;249mm[0m[38;5;249me
[0m[38;5;249mn[0m[
38;5;249mt[0m[38;5;2
49ms[0m[38;5;249m\[
0m[38;5;249m\[0m[38
;5;249mc[0m[38;5;249
mo[0m[38;5;249md[0m
[38;5;249me[0m[38;5
;249m\[0m[38;5;249m\
[0m[38;5;249mC[0m[
38;5;249mr[0m[38;5;2
49me[0m[38;5;249md[
0m[38;5;249me[0m[38
;5;249mn[0m[38;5;249
mc[0m[38;5;249me[0m
[38;5;249m-[0m[38;5
;249mB[0m[38;5;249ma
[0m[38;5;249mc[0m[
38;5;249mk[0m[38;5;2
49me[0m[38;5;249mn[
0m[38;5;249md[0m[38
;5;249m\[0m[38;5;249
m\[0m[38;5;249mv[0m
[38;5;249mi[0m[38;5
;249mt[0m[38;5;249me
[0m[38;5;249ms[0m[
38;5;249mt[0m[38;5;2
49m.[0m[38;5;249mc[
0m[38;5;249mo[0m[38
;5;249mn[0m[38;5;249
mf[0m[38;5;249mi[0m
[38;5;249mg[0m[38;5
;249m.[0m[38;5;249mt
[0m[38;5;249ms[0m[
38;5;249m"[0m[38;5;2
49m;[0m[38;5;249mc[
0m[38;5;249mo[0m[38
;5;249mn[0m[38;5;249
ms[0m[38;5;249mt[0m
[38;5;249m [0m[38;5
;249m_[0m[38;5;249m_
[0m[38;5;249mv[0m[
38;5;249mi[0m[38;5;2
49mt[0m[38;5;249me[
0m[38;5;249m_[0m[38
;5;249mi[0m[38;5;249
mn[0m[38;5;249mj[0m
[38;5;249me[0m[38;5
;249mc[0m[38;5;249mt
[0m[38;5;249me[0m[
38;5;249md[0m[38;5;2
49m_[0m[38;5;249mo[
0m[38;5;249mr[0m[38
;5;249mi[0m[38;5;249
mg[0m[38;5;249mi[0m
[38;5;249mn[0m[38;5
;249ma[0m[38;5;249ml
[0m[38;5;249m_[0m[
38;5;249mi[0m[38;5;2
49mm[0m[38;5;249mp[
0m[38;5;249mo[0m[38
;5;249mr[0m[38;5;249
mt[0m[38;5;249m_[0m
[38;5;249mm[0m[38;5
;249me[0m[38;5;249mt
[0m[38;5;249ma[0m[
38;5;249m_[0m[38;5;2
49mu[0m[38;5;249mr[
0m[38;5;249ml[0m[38
;5;249m [0m[38;5;249
m=[0m[38;5;249m [0m
[38;5;249m"[0m[38;5
;249mf[0m[38;5;249mi
[0m[38;5;249ml[0m[
38;5;249me[0m[38;5;2
49m:[0m[38;5;249m/[
0m[38;5;249m/[0m[38
;5;249m/[0m[38;5;249
mC[0m[38;5;249m:[0m
[38;5;249m/[0m[38;5
;249mU[0m[38;5;249ms
[0m[38;5;249me[0m[
38;5;249mr[0m[38;5;2
49ms[0m[38;5;249m/[
0m[38;5;249m3[0m[38
;5;249mD[0m[38;5;249
m%[0m[38;5;249m2[0m
[38;5;249m0[0m[38;5
;249mR[0m[38;5;249mO
[0m[38;5;249mY[0m[
38;5;249mA[0m[38;5;2
49mL[0m[38;5;249m/[
0m[38;5;249mD[0m[38
;5;249mo[0m[38;5;249
mc[0m[38;5;249mu[0m
[38;5;249mm[0m[38;5
;249me[0m[38;5;249mn
[0m[38;5;249mt[0m[
38;5;249ms[0m[38;5;2
49m/[0m[38;5;249mc[
0m[38;5;249mo[0m[38
;5;249md[0m[38;5;249
me[0m[38;5;249m/[0m
[38;5;249mC[0m[38;5
;249mr[0m[38;5;249me
[0m[38;5;249md[0m[
38;5;249me[0m[38;5;2
49mn[0m[38;5;249mc[
0m[38;5;249me[0m[38
;5;249m-[0m[38;5;249
mB[0m[38;5;249ma[0m
[38;5;249mc[0m[38;5
;249mk[0m[38;5;249me
[0m[38;5;249mn[0m[
38;5;249md[0m[38;5;2
49m/[0m[38;5;249mv[
0m[38;5;249mi[0m[38
;5;249mt[0m[38;5;249
me[0m[38;5;249ms[0m
[38;5;249mt[0m[38;5
;249m.[0m[38;5;249mc
[0m[38;5;249mo[0m[
38;5;249mn[0m[38;5;2
49mf[0m[38;5;249mi[
0m[38;5;249mg[0m[38
;5;249m.[0m[38;5;249
mt[0m[38;5;249ms[0m
[38;5;249m"[0m[38;5
;249m;[0m[38;5;249mi
[0m[38;5;249mm[0m[
38;5;249mp[0m[38;5;2
49mo[0m[38;5;249mr[
0m[38;5;249mt[0m[38
;5;249m [0m[38;5;249
m{[0m[38;5;249m [0m
[38;5;249md[0m[38;5
;249me[0m[38;5;249mf
[0m[38;5;249mi[0m[
38;5;249mn[0m[38;5;2
49me[0m[38;5;249mC[
0m[38;5;249mo[0m[38
;5;249mn[0m[38;5;249
mf[0m[38;5;249mi[0m
[38;5;249mg[0m[38;5
;249m [0m[38;5;249m}
[0m[38;5;249m [0m[
38;5;249mf[0m[38;5;2
49mr[0m[38;5;249mo[
0m[38;5;249mm[0m[38
;5;249m 
[0m'vitest/config'
 [38;5;240m  Γöé[0m 
                      
                      
                      
                      
                      
                      
                      
                      
                      
                      
                      
                      
                      
                      
                      
                      
                    Γö
ÇΓöÇΓöÇΓöÇΓöÇΓöÇΓöÇΓö¼
ΓöÇΓöÇΓöÇΓöÇΓöÇΓöÇΓöÇ 
 
 [38;5;240m  Γöé[0m 
                      
                      
                      
                      
                      
                      
                      
                      
                      
                      
                      
                      
                      
                      
                      
                      
                      
     Γò░ΓöÇΓöÇΓöÇΓöÇΓö
ÇΓöÇΓöÇΓöÇΓöÇ Module 
not found, treating 
it as an external 
dependency
[38;5;246mΓöÇΓöÇΓöÇΓò
»[0m

[31mfailed to load 
config from 
C:\Users\3D ROYAL\Docu
ments\code\Credence-Ba
ckend\vitest.config.ts
[39m

[31mΓÄ»ΓÄ»ΓÄ»ΓÄ»ΓÄ»ΓÄ
»ΓÄ»[39m[1m[41m 
Startup Error [49m[2
2m[31mΓÄ»ΓÄ»ΓÄ»ΓÄ»ΓÄ»
ΓÄ»ΓÄ»ΓÄ»[39m
Error [ERR_MODULE_NOT_
FOUND]: Cannot find 
package 'vitest' 
imported from 
C:\Users\3D ROYAL\node
_modules\.vite-temp\vi
test.config.ts.timesta
mp-1774562028647-899c8
da7c648b.mjs
    at Object.getPacka
geJSONURL (node:intern
al/modules/package_jso
n_reader:316:9)
    at packageResolve 
(node:internal/modules
/esm/resolve:768:81)
    at moduleResolve (
node:internal/modules/
esm/resolve:858:18)
    at defaultResolve 
(node:internal/modules
/esm/resolve:990:11)
    at 
#cachedDefaultResolve 
(node:internal/modules
/esm/loader:718:20)
    at #resolveAndMayb
eBlockOnLoaderThread (
node:internal/modules/
esm/loader:735:38)
    at ModuleLoader.re
solveSync (node:intern
al/modules/esm/loader:
764:52)
    at #resolve (node:
internal/modules/esm/l
oader:700:17)
    at ModuleLoader.ge
tOrCreateModuleJob (no
de:internal/modules/es
m/loader:620:35)
    at 
ModuleJob.syncLink (no
de:internal/modules/es
m/module_job:143:33) {
  code: 
'ERR_MODULE_NOT_FOUND'
}



